Startpoint: _66110_ (rising edge-triggered flip-flop clocked by wb_clk_i)
Endpoint: _62064_ (rising edge-triggered flip-flop clocked by wb_clk_i)
Path Group: wb_clk_i
Path Type: min

  Delay    Time   Description
---------------------------------------------------------
   0.00    0.00   clock wb_clk_i (rise edge)
   0.00    0.00   clock network delay (ideal)
   0.00    0.00 ^ _66110_/CLK (sky130_fd_sc_hd__dfxtp_4)
   0.19    0.19 ^ _66110_/Q (sky130_fd_sc_hd__dfxtp_4)
   0.00    0.19 ^ _62064_/D (sky130_fd_sc_hd__dfxtp_4)
           0.19   data arrival time

   0.00    0.00   clock wb_clk_i (rise edge)
   0.00    0.00   clock network delay (ideal)
   0.00    0.00   clock reconvergence pessimism
           0.00 ^ _62064_/CLK (sky130_fd_sc_hd__dfxtp_4)
  -0.02   -0.02   library hold time
          -0.02   data required time
---------------------------------------------------------
          -0.02   data required time
          -0.19   data arrival time
---------------------------------------------------------
           0.20   slack (MET)


Startpoint: _66102_ (rising edge-triggered flip-flop clocked by wb_clk_i)
Endpoint: _66095_ (rising edge-triggered flip-flop clocked by wb_clk_i)
Path Group: wb_clk_i
Path Type: max

  Delay    Time   Description
---------------------------------------------------------
   0.00    0.00   clock wb_clk_i (rise edge)
   0.00    0.00   clock network delay (ideal)
   0.00    0.00 ^ _66102_/CLK (sky130_fd_sc_hd__dfxtp_4)
   0.70    0.70 ^ _66102_/Q (sky130_fd_sc_hd__dfxtp_4)
   0.20    0.90 ^ _31661_/X (sky130_fd_sc_hd__or2_4)
   0.20    1.11 ^ _31662_/X (sky130_fd_sc_hd__buf_2)
   0.43    1.54 ^ _31663_/X (sky130_fd_sc_hd__buf_2)
   0.14    1.68 v _31912_/Y (sky130_fd_sc_hd__nor2_4)
   0.51    2.19 v _31914_/X (sky130_fd_sc_hd__or2_4)
   0.94    3.14 v _31918_/X (sky130_fd_sc_hd__or4_4)
   0.99    4.13 v _31922_/X (sky130_fd_sc_hd__or4_4)
   0.42    4.55 v _31923_/X (sky130_fd_sc_hd__a21o_4)
   0.36    4.91 v _31926_/X (sky130_fd_sc_hd__a21o_4)
   0.38    5.29 v _31927_/X (sky130_fd_sc_hd__a21o_4)
   0.40    5.69 v _31929_/X (sky130_fd_sc_hd__a21o_4)
   0.37    6.06 v _31930_/X (sky130_fd_sc_hd__a21o_4)
   0.28    6.34 v _31931_/X (sky130_fd_sc_hd__and2_4)
   0.19    6.53 ^ _31932_/Y (sky130_fd_sc_hd__o21ai_4)
   0.31    6.84 ^ _31935_/X (sky130_fd_sc_hd__and2_4)
   0.23    7.07 ^ _31936_/X (sky130_fd_sc_hd__or4_4)
   0.10    7.17 v _31937_/Y (sky130_fd_sc_hd__nand2_4)
   0.26    7.43 v _31938_/X (sky130_fd_sc_hd__and2_4)
   0.42    7.85 v _31939_/X (sky130_fd_sc_hd__or2_4)
   0.27    8.12 v _31940_/X (sky130_fd_sc_hd__and2_4)
   0.42    8.54 v _31941_/X (sky130_fd_sc_hd__or2_4)
   0.32    8.86 v _31942_/X (sky130_fd_sc_hd__and3_4)
   0.42    9.27 v _31943_/X (sky130_fd_sc_hd__or2_4)
   0.28    9.55 v _31944_/X (sky130_fd_sc_hd__and2_4)
   0.82   10.37 v _31945_/X (sky130_fd_sc_hd__or4_4)
   0.38   10.75 v _31946_/X (sky130_fd_sc_hd__and4_4)
   0.45   11.20 v _31947_/X (sky130_fd_sc_hd__or2_4)
   0.17   11.36 ^ _31948_/Y (sky130_fd_sc_hd__nand2_4)
   0.49   11.85 v _31957_/X (sky130_fd_sc_hd__a2bb2o_4)
   0.42   12.28 v _31959_/X (sky130_fd_sc_hd__a2bb2o_4)
   0.39   12.66 ^ _31960_/X (sky130_fd_sc_hd__a2bb2o_4)
   0.08   12.75 v _31962_/Y (sky130_fd_sc_hd__nor2_4)
   0.35   13.10 v _31963_/X (sky130_fd_sc_hd__a21o_4)
   0.18   13.27 ^ _31964_/Y (sky130_fd_sc_hd__nor2_4)
   0.25   13.52 ^ _32087_/X (sky130_fd_sc_hd__or3_4)
   0.05   13.56 v _32088_/Y (sky130_fd_sc_hd__inv_2)
   0.44   14.00 v _32089_/X (sky130_fd_sc_hd__or2_4)
   0.25   14.25 v _32090_/X (sky130_fd_sc_hd__buf_2)
   0.81   15.06 v _32336_/X (sky130_fd_sc_hd__or4_4)
   0.39   15.45 v _32337_/X (sky130_fd_sc_hd__and4_4)
   0.25   15.71 v _32338_/X (sky130_fd_sc_hd__buf_2)
   0.81   16.52 v _32578_/X (sky130_fd_sc_hd__or4_4)
   0.37   16.88 v _32579_/X (sky130_fd_sc_hd__and4_4)
   0.33   17.22 v _32580_/X (sky130_fd_sc_hd__buf_2)
   0.84   18.06 v _32835_/X (sky130_fd_sc_hd__or4_4)
   0.44   18.50 v _32836_/X (sky130_fd_sc_hd__and4_4)
   0.71   19.21 v _32951_/X (sky130_fd_sc_hd__or3_4)
   0.31   19.53 v _32953_/X (sky130_fd_sc_hd__and2_4)
   0.23   19.76 ^ _33009_/Y (sky130_fd_sc_hd__o21ai_4)
   0.53   20.28 v _33010_/X (sky130_fd_sc_hd__a2bb2o_4)
   0.12   20.40 ^ _33011_/Y (sky130_fd_sc_hd__inv_2)
   0.22   20.62 ^ _34861_/X (sky130_fd_sc_hd__or2_4)
   0.06   20.69 v _34862_/Y (sky130_fd_sc_hd__inv_2)
   0.44   21.12 v _34863_/X (sky130_fd_sc_hd__or2_4)
   1.00   22.13 v _34887_/X (sky130_fd_sc_hd__or4_4)
   0.40   22.53 v _34888_/X (sky130_fd_sc_hd__and3_4)
   0.70   23.23 v _34938_/X (sky130_fd_sc_hd__or3_4)
   0.20   23.43 ^ _34991_/Y (sky130_fd_sc_hd__nor2_4)
   0.17   23.60 ^ _34992_/X (sky130_fd_sc_hd__a211o_4)
   0.07   23.68 v _34993_/Y (sky130_fd_sc_hd__inv_2)
   0.45   24.12 v _34994_/X (sky130_fd_sc_hd__or2_4)
   0.59   24.71 v _35041_/X (sky130_fd_sc_hd__a32o_4)
   0.47   25.18 v _35042_/X (sky130_fd_sc_hd__or2_4)
   0.10   25.29 ^ _35043_/Y (sky130_fd_sc_hd__inv_2)
   0.17   25.46 ^ _35066_/X (sky130_fd_sc_hd__or2_4)
   0.21   25.66 ^ _35067_/X (sky130_fd_sc_hd__a2bb2o_4)
   0.07   25.73 v _35068_/Y (sky130_fd_sc_hd__inv_2)
   0.44   26.18 v _35070_/X (sky130_fd_sc_hd__or2_4)
   0.08   26.26 ^ _35071_/Y (sky130_fd_sc_hd__inv_2)
   0.22   26.47 ^ _35072_/X (sky130_fd_sc_hd__or2_4)
   0.24   26.72 ^ _35095_/X (sky130_fd_sc_hd__or2_4)
   0.07   26.79 v _35096_/Y (sky130_fd_sc_hd__inv_2)
   0.64   27.43 v _35099_/X (sky130_fd_sc_hd__a211o_4)
   0.58   28.01 v _35140_/X (sky130_fd_sc_hd__a32o_4)
   0.11   28.12 ^ _35141_/Y (sky130_fd_sc_hd__inv_2)
   0.25   28.37 ^ _35158_/X (sky130_fd_sc_hd__o22a_4)
   0.06   28.43 v _35159_/Y (sky130_fd_sc_hd__inv_2)
   0.39   28.82 v _35164_/X (sky130_fd_sc_hd__o22a_4)
   0.62   29.44 v _49683_/X (sky130_fd_sc_hd__mux2_1)
   0.66   30.10 v _49684_/X (sky130_fd_sc_hd__mux2_1)
   0.65   30.76 v _58229_/X (sky130_fd_sc_hd__mux2_1)
   0.63   31.39 v _59113_/X (sky130_fd_sc_hd__mux2_1)
   0.00   31.39 v _66095_/D (sky130_fd_sc_hd__dfxtp_4)
          31.39   data arrival time

  20.00   20.00   clock wb_clk_i (rise edge)
   0.00   20.00   clock network delay (ideal)
   0.00   20.00   clock reconvergence pessimism
          20.00 ^ _66095_/CLK (sky130_fd_sc_hd__dfxtp_4)
  -0.31   19.69   library setup time
          19.69   data required time
---------------------------------------------------------
          19.69   data required time
         -31.39   data arrival time
---------------------------------------------------------
         -11.70   slack (VIOLATED)


