Startpoint: wbs_adr_i[13] (input port clocked by wb_clk_i)
Endpoint: _62056_ (rising edge-triggered flip-flop clocked by wb_clk_i)
Path Group: wb_clk_i
Path Type: max

  Delay    Time   Description
---------------------------------------------------------
   0.00    0.00   clock wb_clk_i (rise edge)
   0.00    0.00   clock network delay (ideal)
   4.00    4.00 v input external delay
   0.00    4.00 v wbs_adr_i[13] (in)
   1.01    5.01 v _30887_/X (sky130_fd_sc_hd__or4_4)
   0.84    5.85 v _30888_/X (sky130_fd_sc_hd__or3_4)
   1.31    7.17 v _30892_/X (sky130_fd_sc_hd__or4_4)
   0.76    7.93 ^ _30893_/Y (sky130_fd_sc_hd__inv_8)
   0.88    8.81 ^ _30910_/X (sky130_fd_sc_hd__and4_4)
   0.20    9.01 ^ _30911_/X (sky130_fd_sc_hd__or2_4)
   0.34    9.35 ^ _30912_/X (sky130_fd_sc_hd__buf_2)
   0.42    9.77 v _35797_/Y (sky130_fd_sc_hd__inv_8)
   0.59   10.37 v _48122_/X (sky130_fd_sc_hd__a21o_4)
   0.00   10.37 v _62056_/D (sky130_fd_sc_hd__dfxtp_4)
          10.37   data arrival time

  20.00   20.00   clock wb_clk_i (rise edge)
   0.00   20.00   clock network delay (ideal)
   0.00   20.00   clock reconvergence pessimism
          20.00 ^ _62056_/CLK (sky130_fd_sc_hd__dfxtp_4)
  -0.28   19.72   library setup time
          19.72   data required time
---------------------------------------------------------
          19.72   data required time
         -10.37   data arrival time
---------------------------------------------------------
           9.35   slack (MET)


