
22. Printing statistics.

=== accelerator_top ===

   Number of wires:              27648
   Number of wire bits:          28236
   Number of public wires:        3118
   Number of public wire bits:    3706
   Number of memories:               0
   Number of memory bits:            0
   Number of processes:              0
   Number of cells:              27869
     sky130_fd_sc_hd__a2111o_4       7
     sky130_fd_sc_hd__a211o_4      816
     sky130_fd_sc_hd__a21bo_4        9
     sky130_fd_sc_hd__a21boi_4       1
     sky130_fd_sc_hd__a21o_4       186
     sky130_fd_sc_hd__a21oi_4      100
     sky130_fd_sc_hd__a22oi_4       92
     sky130_fd_sc_hd__a2bb2o_4    3138
     sky130_fd_sc_hd__a32o_4       726
     sky130_fd_sc_hd__and2_4       647
     sky130_fd_sc_hd__and3_4       377
     sky130_fd_sc_hd__and4_4       130
     sky130_fd_sc_hd__buf_2       3630
     sky130_fd_sc_hd__conb_1       201
     sky130_fd_sc_hd__dfxtp_4     3135
     sky130_fd_sc_hd__inv_2       4277
     sky130_fd_sc_hd__nand2_4      323
     sky130_fd_sc_hd__nor2_4       958
     sky130_fd_sc_hd__o21a_4       297
     sky130_fd_sc_hd__o21ai_4      173
     sky130_fd_sc_hd__o22a_4      6224
     sky130_fd_sc_hd__o32a_4        10
     sky130_fd_sc_hd__or2_4       1991
     sky130_fd_sc_hd__or3_4        191
     sky130_fd_sc_hd__or4_4        230

   Chip area for module '\accelerator_top': 373252.979200

